Archive member included to satisfy reference by file (symbol)

c:/st/stm32cubeide_1.12.0/stm32cubeide/plugins/com.st.stm32cube.ide.mcu.externaltools.gnu-tools-for-stm32.10.3-2021.10.win32_1.0.200.202301161003/tools/bin/../lib/gcc/arm-none-eabi/10.3.1/../../../../arm-none-eabi/lib/thumb/v7e-m+fp/hard\libc_nano.a(lib_a-errno.o)
                              ./Core/Src/syscalls.o (__errno)
c:/st/stm32cubeide_1.12.0/stm32cubeide/plugins/com.st.stm32cube.ide.mcu.externaltools.gnu-tools-for-stm32.10.3-2021.10.win32_1.0.200.202301161003/tools/bin/../lib/gcc/arm-none-eabi/10.3.1/../../../../arm-none-eabi/lib/thumb/v7e-m+fp/hard\libc_nano.a(lib_a-exit.o)
                              c:/st/stm32cubeide_1.12.0/stm32cubeide/plugins/com.st.stm32cube.ide.mcu.externaltools.gnu-tools-for-stm32.10.3-2021.10.win32_1.0.200.202301161003/tools/bin/../lib/gcc/arm-none-eabi/10.3.1/../../../../arm-none-eabi/lib/thumb/v7e-m+fp/hard/crt0.o (exit)
c:/st/stm32cubeide_1.12.0/stm32cubeide/plugins/com.st.stm32cube.ide.mcu.externaltools.gnu-tools-for-stm32.10.3-2021.10.win32_1.0.200.202301161003/tools/bin/../lib/gcc/arm-none-eabi/10.3.1/../../../../arm-none-eabi/lib/thumb/v7e-m+fp/hard\libc_nano.a(lib_a-impure.o)
                              c:/st/stm32cubeide_1.12.0/stm32cubeide/plugins/com.st.stm32cube.ide.mcu.externaltools.gnu-tools-for-stm32.10.3-2021.10.win32_1.0.200.202301161003/tools/bin/../lib/gcc/arm-none-eabi/10.3.1/../../../../arm-none-eabi/lib/thumb/v7e-m+fp/hard\libc_nano.a(lib_a-exit.o) (_global_impure_ptr)
c:/st/stm32cubeide_1.12.0/stm32cubeide/plugins/com.st.stm32cube.ide.mcu.externaltools.gnu-tools-for-stm32.10.3-2021.10.win32_1.0.200.202301161003/tools/bin/../lib/gcc/arm-none-eabi/10.3.1/../../../../arm-none-eabi/lib/thumb/v7e-m+fp/hard\libc_nano.a(lib_a-init.o)
                              c:/st/stm32cubeide_1.12.0/stm32cubeide/plugins/com.st.stm32cube.ide.mcu.externaltools.gnu-tools-for-stm32.10.3-2021.10.win32_1.0.200.202301161003/tools/bin/../lib/gcc/arm-none-eabi/10.3.1/../../../../arm-none-eabi/lib/thumb/v7e-m+fp/hard/crt0.o (__libc_init_array)
c:/st/stm32cubeide_1.12.0/stm32cubeide/plugins/com.st.stm32cube.ide.mcu.externaltools.gnu-tools-for-stm32.10.3-2021.10.win32_1.0.200.202301161003/tools/bin/../lib/gcc/arm-none-eabi/10.3.1/../../../../arm-none-eabi/lib/thumb/v7e-m+fp/hard\libc_nano.a(lib_a-memset.o)
                              c:/st/stm32cubeide_1.12.0/stm32cubeide/plugins/com.st.stm32cube.ide.mcu.externaltools.gnu-tools-for-stm32.10.3-2021.10.win32_1.0.200.202301161003/tools/bin/../lib/gcc/arm-none-eabi/10.3.1/../../../../arm-none-eabi/lib/thumb/v7e-m+fp/hard/crt0.o (memset)
c:/st/stm32cubeide_1.12.0/stm32cubeide/plugins/com.st.stm32cube.ide.mcu.externaltools.gnu-tools-for-stm32.10.3-2021.10.win32_1.0.200.202301161003/tools/bin/../lib/gcc/arm-none-eabi/10.3.1/../../../../arm-none-eabi/lib/thumb/v7e-m+fp/hard\libc_nano.a(lib_a-strlen.o)
                              ./Core/Src/UART.o (strlen)
c:/st/stm32cubeide_1.12.0/stm32cubeide/plugins/com.st.stm32cube.ide.mcu.externaltools.gnu-tools-for-stm32.10.3-2021.10.win32_1.0.200.202301161003/tools/bin/../lib/gcc/arm-none-eabi/10.3.1/../../../../arm-none-eabi/lib/thumb/v7e-m+fp/hard\libm.a(lib_a-w_sqrt.o)
                              ./Core/Src/ADC.o (sqrt)
c:/st/stm32cubeide_1.12.0/stm32cubeide/plugins/com.st.stm32cube.ide.mcu.externaltools.gnu-tools-for-stm32.10.3-2021.10.win32_1.0.200.202301161003/tools/bin/../lib/gcc/arm-none-eabi/10.3.1/../../../../arm-none-eabi/lib/thumb/v7e-m+fp/hard\libm.a(lib_a-e_sqrt.o)
                              c:/st/stm32cubeide_1.12.0/stm32cubeide/plugins/com.st.stm32cube.ide.mcu.externaltools.gnu-tools-for-stm32.10.3-2021.10.win32_1.0.200.202301161003/tools/bin/../lib/gcc/arm-none-eabi/10.3.1/../../../../arm-none-eabi/lib/thumb/v7e-m+fp/hard\libm.a(lib_a-w_sqrt.o) (__ieee754_sqrt)
c:/st/stm32cubeide_1.12.0/stm32cubeide/plugins/com.st.stm32cube.ide.mcu.externaltools.gnu-tools-for-stm32.10.3-2021.10.win32_1.0.200.202301161003/tools/bin/../lib/gcc/arm-none-eabi/10.3.1/thumb/v7e-m+fp/hard\libgcc.a(_arm_muldf3.o)
                              ./Core/Src/main.o (__aeabi_dmul)
c:/st/stm32cubeide_1.12.0/stm32cubeide/plugins/com.st.stm32cube.ide.mcu.externaltools.gnu-tools-for-stm32.10.3-2021.10.win32_1.0.200.202301161003/tools/bin/../lib/gcc/arm-none-eabi/10.3.1/thumb/v7e-m+fp/hard\libgcc.a(_arm_addsubdf3.o)
                              c:/st/stm32cubeide_1.12.0/stm32cubeide/plugins/com.st.stm32cube.ide.mcu.externaltools.gnu-tools-for-stm32.10.3-2021.10.win32_1.0.200.202301161003/tools/bin/../lib/gcc/arm-none-eabi/10.3.1/../../../../arm-none-eabi/lib/thumb/v7e-m+fp/hard\libm.a(lib_a-e_sqrt.o) (__aeabi_dsub)
c:/st/stm32cubeide_1.12.0/stm32cubeide/plugins/com.st.stm32cube.ide.mcu.externaltools.gnu-tools-for-stm32.10.3-2021.10.win32_1.0.200.202301161003/tools/bin/../lib/gcc/arm-none-eabi/10.3.1/thumb/v7e-m+fp/hard\libgcc.a(_arm_muldivdf3.o)
                              ./Core/Src/ADC.o (__aeabi_ddiv)
[...]
Memory Configuration

Name             Origin             Length             Attributes
RAM              0x0000000020000000 0x0000000000018000 xrw
RAM2             0x0000000010000000 0x0000000000008000 xrw
FLASH            0x0000000008000000 0x0000000000100000 xr
*default*        0x0000000000000000 0xffffffffffffffff

Linker script and memory map

LOAD c:/st/stm32cubeide_1.12.0/stm32cubeide/plugins/com.st.stm32cube.ide.mcu.externaltools.gnu-tools-for-stm32.10.3-2021.10.win32_1.0.200.202301161003/tools/bin/../lib/gcc/arm-none-eabi/10.3.1/thumb/v7e-m+fp/hard/crti.o
LOAD c:/st/stm32cubeide_1.12.0/stm32cubeide/plugins/com.st.stm32cube.ide.mcu.externaltools.gnu-tools-for-stm32.10.3-2021.10.win32_1.0.200.202301161003/tools/bin/../lib/gcc/arm-none-eabi/10.3.1/thumb/v7e-m+fp/hard/crtbegin.o
LOAD c:/st/stm32cubeide_1.12.0/stm32cubeide/plugins/com.st.stm32cube.ide.mcu.externaltools.gnu-tools-for-stm32.10.3-2021.10.win32_1.0.200.202301161003/tools/bin/../lib/gcc/arm-none-eabi/10.3.1/../../../../arm-none-eabi/lib/thumb/v7e-m+fp/hard/crt0.o
LOAD ./Core/Src/ADC.o
LOAD ./Core/Src/DMM.o
LOAD ./Core/Src/UART.o
LOAD ./Core/Src/main.o
LOAD ./Core/Src/main2.o
LOAD ./Core/Src/stm32l4xx_hal_msp.o
LOAD ./Core/Src/stm32l4xx_it.o
LOAD ./Core/Src/syscalls.o
LOAD ./Core/Src/sysmem.o
LOAD ./Core/Src/system_stm32l4xx.o
LOAD ./Core/Startup/startup_stm32l476rgtx.o
LOAD ./Drivers/STM32L4xx_HAL_Driver/stm32l4xx_hal.o
LOAD ./Drivers/STM32L4xx_HAL_Driver/stm32l4xx_hal_cortex.o
LOAD ./Drivers/STM32L4xx_HAL_Driver/stm32l4xx_hal_dma.o
LOAD ./Drivers/STM32L4xx_HAL_Driver/stm32l4xx_hal_dma_ex.o
LOAD ./Drivers/STM32L4xx_HAL_Driver/stm32l4xx_hal_exti.o
LOAD ./Drivers/STM32L4xx_HAL_Driver/stm32l4xx_hal_flash.o
LOAD ./Drivers/STM32L4xx_HAL_Driver/stm32l4xx_hal_flash_ex.o
LOAD ./Drivers/STM32L4xx_HAL_Driver/stm32l4xx_hal_flash_ramfunc.o
LOAD ./Drivers/STM32L4xx_HAL_Driver/stm32l4xx_hal_gpio.o
LOAD ./Drivers/STM32L4xx_HAL_Driver/stm32l4xx_hal_pwr.o
LOAD ./Drivers/STM32L4xx_HAL_Driver/stm32l4xx_hal_pwr_ex.o
LOAD ./Drivers/STM32L4xx_HAL_Driver/stm32l4xx_hal_rcc.o
LOAD ./Drivers/STM32L4xx_HAL_Driver/stm32l4xx_hal_rcc_ex.o
START GROUP
LOAD c:/st/stm32cubeide_1.12.0/stm32cubeide/plugins/com.st.stm32cube.ide.mcu.externaltools.gnu-tools-for-stm32.10.3-2021.10.win32_1.0.200.202301161003/tools/bin/../lib/gcc/arm-none-eabi/10.3.1/../../../../arm-none-eabi/lib/thumb/v7e-m+fp/hard\libc_nano.a
LOAD c:/st/stm32cubeide_1.12.0/stm32cubeide/plugins/com.st.stm32cube.ide.mcu.externaltools.gnu-tools-for-stm32.10.3-2021.10.win32_1.0.200.202301161003/tools/bin/../lib/gcc/arm-none-eabi/10.3.1/../../../../arm-none-eabi/lib/thumb/v7e-m+fp/hard\libm.a
END GROUP
START GROUP
LOAD c:/st/stm32cubeide_1.12.0/stm32cubeide/plugins/com.st.stm32cube.ide.mcu.externaltools.gnu-tools-for-stm32.10.3-2021.10.win32_1.0.200.202301161003/tools/bin/../lib/gcc/arm-none-eabi/10.3.1/thumb/v7e-m+fp/hard\libgcc.a
LOAD c:/st/stm32cubeide_1.12.0/stm32cubeide/plugins/com.st.stm32cube.ide.mcu.externaltools.gnu-tools-for-stm32.10.3-2021.10.win32_1.0.200.202301161003/tools/bin/../lib/gcc/arm-none-eabi/10.3.1/../../../../arm-none-eabi/lib/thumb/v7e-m+fp/hard\libc_nano.a
END GROUP
START GROUP
LOAD c:/st/stm32cubeide_1.12.0/stm32cubeide/plugins/com.st.stm32cube.ide.mcu.externaltools.gnu-tools-for-stm32.10.3-2021.10.win32_1.0.200.202301161003/tools/bin/../lib/gcc/arm-none-eabi/10.3.1/thumb/v7e-m+fp/hard\libgcc.a
LOAD c:/st/stm32cubeide_1.12.0/stm32cubeide/plugins/com.st.stm32cube.ide.mcu.externaltools.gnu-tools-for-stm32.10.3-2021.10.win32_1.0.200.202301161003/tools/bin/../lib/gcc/arm-none-eabi/10.3.1/../../../../arm-none-eabi/lib/thumb/v7e-m+fp/hard\libc_nano.a
LOAD c:/st/stm32cubeide_1.12.0/stm32cubeide/plugins/com.st.stm32cube.ide.mcu.externaltools.gnu-tools-for-stm32.10.3-2021.10.win32_1.0.200.202301161003/tools/bin/../lib/gcc/arm-none-eabi/10.3.1/../../../../arm-none-eabi/lib/thumb/v7e-m+fp/hard\libnosys.a
END GROUP
START GROUP
LOAD c:/st/stm32cubeide_1.12.0/stm32cubeide/plugins/com.st.stm32cube.ide.mcu.externaltools.gnu-tools-for-stm32.10.3-2021.10.win32_1.0.200.202301161003/tools/bin/../lib/gcc/arm-none-eabi/10.3.1/thumb/v7e-m+fp/hard\libgcc.a
LOAD c:/st/stm32cubeide_1.12.0/stm32cubeide/plugins/com.st.stm32cube.ide.mcu.externaltools.gnu-tools-for-stm32.10.3-2021.10.win32_1.0.200.202301161003/tools/bin/../lib/gcc/arm-none-eabi/10.3.1/../../../../arm-none-eabi/lib/thumb/v7e-m+fp/hard\libc_nano.a
LOAD c:/st/stm32cubeide_1.12.0/stm32cubeide/plugins/com.st.stm32cube.ide.mcu.externaltools.gnu-tools-for-stm32.10.3-2021.10.win32_1.0.200.202301161003/tools/bin/../lib/gcc/arm-none-eabi/10.3.1/../../../../arm-none-eabi/lib/thumb/v7e-m+fp/hard\libnosys.a
END GROUP
LOAD c:/st/stm32cubeide_1.12.0/stm32cubeide/plugins/com.st.stm32cube.ide.mcu.externaltools.gnu-tools-for-stm32.10.3-2021.10.win32_1.0.200.202301161003/tools/bin/../lib/gcc/arm-none-eabi/10.3.1/thumb/v7e-m+fp/hard/crtend.o
LOAD c:/st/stm32cubeide_1.12.0/stm32cubeide/plugins/com.st.stm32cube.ide.mcu.externaltools.gnu-tools-for-stm32.10.3-2021.10.win32_1.0.200.202301161003/tools/bin/../lib/gcc/arm-none-eabi/10.3.1/thumb/v7e-m+fp/hard/crtn.o
                0x0000000020018000                _estack = (ORIGIN (RAM) + LENGTH (RAM))
                0x0000000000000200                _Min_Heap_Size = 0x200
                0x0000000000000400                _Min_Stack_Size = 0x400

.isr_vector     0x0000000008000000      0x188
                0x0000000008000000                . = ALIGN (0x4)
 *(.isr_vector)
 .isr_vector    0x0000000008000000      0x188 ./Core/Startup/startup_stm32l476rgtx.o
                0x0000000008000000                g_pfnVectors
                0x0000000008000188                . = ALIGN (0x4)

.text           0x0000000008000188     0x2958
                0x0000000008000188                . = ALIGN (0x4)
 *(.text)
 .text          0x0000000008000188       0x40 c:/st/stm32cubeide_1.12.0/stm32cubeide/plugins/com.st.stm32cube.ide.mcu.externaltools.gnu-tools-for-stm32.10.3-2021.10.win32_1.0.200.202301161003/tools/bin/../lib/gcc/arm-none-eabi/10.3.1/thumb/v7e-m+fp/hard/crtbegin.o
 .text          0x00000000080001c8       0x10 c:/st/stm32cubeide_1.12.0/stm32cubeide/plugins/com.st.stm32cube.ide.mcu.externaltools.gnu-tools-for-stm32.10.3-2021.10.win32_1.0.200.202301161003/tools/bin/../lib/gcc/arm-none-eabi/10.3.1/../../../../arm-none-eabi/lib/thumb/v7e-m+fp/hard\libc_nano.a(lib_a-strlen.o)
                0x00000000080001c8                strlen
 .text          0x00000000080001d8      0x378 c:/st/stm32cubeide_1.12.0/stm32cubeide/plugins/com.st.stm32cube.ide.mcu.externaltools.gnu-tools-for-stm32.10.3-2021.10.win32_1.0.200.202301161003/tools/bin/../lib/gcc/arm-none-eabi/10.3.1/thumb/v7e-m+fp/hard\libgcc.a(_arm_addsubdf3.o)
                0x00000000080001d8                __aeabi_drsub
                0x00000000080001e0                __aeabi_dsub
                0x00000000080001e0                __subdf3
                0x00000000080001e4                __aeabi_dadd
                0x00000000080001e4                __adddf3
                0x000000000800045c                __floatunsidf
                0x000000000800045c                __aeabi_ui2d
                0x000000000800047c                __floatsidf
                0x000000000800047c                __aeabi_i2d
                0x00000000080004a0                __aeabi_f2d
                0x00000000080004a0                __extendsfdf2
                0x00000000080004e4                __floatundidf
                0x00000000080004e4                __aeabi_ul2d
                0x00000000080004f4                __floatdidf
                0x00000000080004f4                __aeabi_l2d
 .text          0x0000000008000550      0x424 c:/st/stm32cubeide_1.12.0/stm32cubeide/plugins/com.st.stm32cube.ide.mcu.externaltools.gnu-tools-for-stm32.10.3-2021.10.win32_1.0.200.202301161003/tools/bin/../lib/gcc/arm-none-eabi/10.3.1/thumb/v7e-m+fp/hard\libgcc.a(_arm_muldivdf3.o)
                0x0000000008000550                __aeabi_dmul
                0x0000000008000550                __muldf3
                0x00000000080007a4                __divdf3
                0x00000000080007a4                __aeabi_ddiv
 .text          0x0000000008000974       0xa0 c:/st/stm32cubeide_1.12.0/stm32cubeide/plugins/com.st.stm32cube.ide.mcu.externaltools.gnu-tools-for-stm32.10.3-2021.10.win32_1.0.200.202301161003/tools/bin/../lib/gcc/arm-none-eabi/10.3.1/thumb/v7e-m+fp/hard\libgcc.a(_arm_truncdfsf2.o)
                0x0000000008000974                __truncdfsf2
                0x0000000008000974                __aeabi_d2f
 *(.text*)
 .text.ADC_init
                0x0000000008000a14      0x16c ./Core/Src/ADC.o
                0x0000000008000a14                ADC_init
 .text.find_max
                0x0000000008000b80       0x54 ./Core/Src/ADC.o
                0x0000000008000b80                find_max
 .text.find_min
                0x0000000008000bd4       0x54 ./Core/Src/ADC.o
                0x0000000008000bd4                find_min
 .text.find_avg
                0x0000000008000c28       0x54 ./Core/Src/ADC.o
                0x0000000008000c28                find_avg
 .text.find_p2p
                0x0000000008000c7c       0x28 ./Core/Src/ADC.o
                0x0000000008000c7c                find_p2p
 *fill*         0x0000000008000ca4        0x4 
 .text.calibrate_volt
                0x0000000008000ca8       0x58 ./Core/Src/ADC.o
                0x0000000008000ca8                calibrate_volt
 .text.floatToString
                0x0000000008000d00      0x17c ./Core/Src/ADC.o
                0x0000000008000d00                floatToString
 .text.timer_init
                0x0000000008000e7c      0x13c ./Core/Src/DMM.o
                0x0000000008000e7c                timer_init
 .text.toString
                0x0000000008000fb8       0xe4 ./Core/Src/DMM.o
                0x0000000008000fb8                toString
 .text.comp_init
                0x000000000800109c       0xdc ./Core/Src/DMM.o
                0x000000000800109c                comp_init
 .text.UART_init
                0x0000000008001178      0x110 ./Core/Src/UART.o
                0x0000000008001178                UART_init
 .text.UART_print
                0x0000000008001288       0x48 ./Core/Src/UART.o
                0x0000000008001288                UART_print
 .text.UART_print_str
                0x00000000080012d0       0x3a ./Core/Src/UART.o
                0x00000000080012d0                UART_print_str
 *fill*         0x000000000800130a        0x2 
 .text.UART_ESC_code
                0x000000000800130c       0x54 ./Core/Src/UART.o
                0x000000000800130c                UART_ESC_code
 .text.main     0x0000000008001360      0x344 ./Core/Src/main.o
                0x0000000008001360                main
 .text.TIM2_IRQHandler
                0x00000000080016a4       0x60 ./Core/Src/main.o
                0x00000000080016a4                TIM2_IRQHandler
 .text.ADC1_2_IRQHandler
                0x0000000008001704       0x38 ./Core/Src/main.o
                0x0000000008001704                ADC1_2_IRQHandler
 .text.display_freq
                0x000000000800173c       0x2c ./Core/Src/main.o
                0x000000000800173c                display_freq
 .text.display_DC
                0x0000000008001768       0x38 ./Core/Src/main.o
                0x0000000008001768                display_DC
 .text.display_RMS
                0x00000000080017a0       0x38 ./Core/Src/main.o
                0x00000000080017a0                display_RMS
 .text.display_P2P
                0x00000000080017d8       0x38 ./Core/Src/main.o
                0x00000000080017d8                display_P2P
 .text.display_dcvoltage
                0x0000000008001810       0x6c ./Core/Src/main.o
                0x0000000008001810                display_dcvoltage
 .text.display_acvoltage
                0x000000000800187c       0x6c ./Core/Src/main.o
                0x000000000800187c                display_acvoltage
 .text.build_graph
                0x00000000080018e8       0xd0 ./Core/Src/main.o
                0x00000000080018e8                build_graph
 .text.SystemClock_Config
                0x00000000080019b8       0x8c ./Core/Src/main.o
                0x00000000080019b8                SystemClock_Config
 .text.Error_Handler
                0x0000000008001a44        0xa ./Core/Src/main.o
                0x0000000008001a44                Error_Handler
 *fill*         0x0000000008001a4e        0x2 
 .text.HAL_MspInit
                0x0000000008001a50       0x48 ./Core/Src/stm32l4xx_hal_msp.o
                0x0000000008001a50                HAL_MspInit
 .text.NMI_Handler
                0x0000000008001a98        0x6 ./Core/Src/stm32l4xx_it.o
                0x0000000008001a98                NMI_Handler
 .text.HardFault_Handler
                0x0000000008001a9e        0x6 ./Core/Src/stm32l4xx_it.o
                0x0000000008001a9e                HardFault_Handler
 .text.MemManage_Handler
                0x0000000008001aa4        0x6 ./Core/Src/stm32l4xx_it.o
                0x0000000008001aa4                MemManage_Handler
 .text.BusFault_Handler
                0x0000000008001aaa        0x6 ./Core/Src/stm32l4xx_it.o
                0x0000000008001aaa                BusFault_Handler
 .text.UsageFault_Handler
                0x0000000008001ab0        0x6 ./Core/Src/stm32l4xx_it.o
                0x0000000008001ab0                UsageFault_Handler
 .text.SVC_Handler
                0x0000000008001ab6        0xe ./Core/Src/stm32l4xx_it.o
                0x0000000008001ab6                SVC_Handler
 .text.DebugMon_Handler
                0x0000000008001ac4        0xe ./Core/Src/stm32l4xx_it.o
                0x0000000008001ac4                DebugMon_Handler
 .text.PendSV_Handler
                0x0000000008001ad2        0xe ./Core/Src/stm32l4xx_it.o
                0x0000000008001ad2                PendSV_Handler
 .text.SysTick_Handler
                0x0000000008001ae0        0xc ./Core/Src/stm32l4xx_it.o
                0x0000000008001ae0                SysTick_Handler
 .text.SystemInit
                0x0000000008001aec       0x24 ./Core/Src/system_stm32l4xx.o
                0x0000000008001aec                SystemInit
 .text.Reset_Handler
                0x0000000008001b10       0x50 ./Core/Startup/startup_stm32l476rgtx.o
                0x0000000008001b10                Reset_Handler
 .text.Default_Handler
                0x0000000008001b60        0x2 ./Core/Startup/startup_stm32l476rgtx.o
                0x0000000008001b60                RTC_Alarm_IRQHandler
                0x0000000008001b60                EXTI2_IRQHandler
                0x0000000008001b60                TIM8_TRG_COM_IRQHandler
                0x0000000008001b60                TIM8_CC_IRQHandler
                0x0000000008001b60                TIM1_CC_IRQHandler
                0x0000000008001b60                TSC_IRQHandler
                0x0000000008001b60                TAMP_STAMP_IRQHandler
                0x0000000008001b60                EXTI3_IRQHandler
                0x0000000008001b60                LPTIM2_IRQHandler
                0x0000000008001b60                DFSDM1_FLT1_IRQHandler
                0x0000000008001b60                I2C3_ER_IRQHandler
                0x0000000008001b60                DFSDM1_FLT2_IRQHandler
                0x0000000008001b60                EXTI0_IRQHandler
                0x0000000008001b60                I2C2_EV_IRQHandler
                0x0000000008001b60                CAN1_RX0_IRQHandler
                0x0000000008001b60                FPU_IRQHandler
                0x0000000008001b60                TIM1_UP_TIM16_IRQHandler
                0x0000000008001b60                SPI1_IRQHandler
                0x0000000008001b60                TIM6_DAC_IRQHandler
                0x0000000008001b60                TIM8_UP_IRQHandler
                0x0000000008001b60                DMA2_Channel2_IRQHandler
                0x0000000008001b60                DMA1_Channel4_IRQHandler
                0x0000000008001b60                SAI2_IRQHandler
                0x0000000008001b60                DFSDM1_FLT3_IRQHandler
                0x0000000008001b60                USART3_IRQHandler
                0x0000000008001b60                DMA1_Channel7_IRQHandler
                0x0000000008001b60                CAN1_RX1_IRQHandler
                0x0000000008001b60                LCD_IRQHandler
                0x0000000008001b60                UART5_IRQHandler
                0x0000000008001b60                ADC3_IRQHandler
                0x0000000008001b60                TIM4_IRQHandler
                0x0000000008001b60                DMA2_Channel1_IRQHandler
                0x0000000008001b60                QUADSPI_IRQHandler
                0x0000000008001b60                I2C1_EV_IRQHandler
                0x0000000008001b60                DMA1_Channel6_IRQHandler
                0x0000000008001b60                UART4_IRQHandler
                0x0000000008001b60                DMA2_Channel4_IRQHandler
                0x0000000008001b60                TIM3_IRQHandler
                0x0000000008001b60                RCC_IRQHandler
                0x0000000008001b60                DMA1_Channel1_IRQHandler
                0x0000000008001b60                Default_Handler
                0x0000000008001b60                DMA2_Channel7_IRQHandler
                0x0000000008001b60                EXTI15_10_IRQHandler
                0x0000000008001b60                TIM7_IRQHandler
                0x0000000008001b60                SDMMC1_IRQHandler
                0x0000000008001b60                TIM5_IRQHandler
                0x0000000008001b60                I2C3_EV_IRQHandler
                0x0000000008001b60                EXTI9_5_IRQHandler
                0x0000000008001b60                RTC_WKUP_IRQHandler
                0x0000000008001b60                PVD_PVM_IRQHandler
                0x0000000008001b60                SPI2_IRQHandler
                0x0000000008001b60                CAN1_TX_IRQHandler
                0x0000000008001b60                DMA2_Channel5_IRQHandler
                0x0000000008001b60                DMA1_Channel5_IRQHandler
                0x0000000008001b60                EXTI4_IRQHandler
                0x0000000008001b60                RNG_IRQHandler
                0x0000000008001b60                TIM1_TRG_COM_TIM17_IRQHandler
                0x0000000008001b60                DMA1_Channel3_IRQHandler
                0x0000000008001b60                COMP_IRQHandler
                0x0000000008001b60                WWDG_IRQHandler
                0x0000000008001b60                LPUART1_IRQHandler
                0x0000000008001b60                DMA2_Channel6_IRQHandler
                0x0000000008001b60                EXTI1_IRQHandler
                0x0000000008001b60                USART2_IRQHandler
                0x0000000008001b60                DFSDM1_FLT0_IRQHandler
                0x0000000008001b60                I2C2_ER_IRQHandler
                0x0000000008001b60                DMA1_Channel2_IRQHandler
                0x0000000008001b60                TIM8_BRK_IRQHandler
                0x0000000008001b60                CAN1_SCE_IRQHandler
                0x0000000008001b60                FLASH_IRQHandler
                0x0000000008001b60                USART1_IRQHandler
                0x0000000008001b60                OTG_FS_IRQHandler
                0x0000000008001b60                SPI3_IRQHandler
                0x0000000008001b60                I2C1_ER_IRQHandler
                0x0000000008001b60                FMC_IRQHandler
                0x0000000008001b60                SWPMI1_IRQHandler
                0x0000000008001b60                LPTIM1_IRQHandler
                0x0000000008001b60                SAI1_IRQHandler
                0x0000000008001b60                DMA2_Channel3_IRQHandler
                0x0000000008001b60                TIM1_BRK_TIM15_IRQHandler
 .text.HAL_Init
                0x0000000008001b62       0x30 ./Drivers/STM32L4xx_HAL_Driver/stm32l4xx_hal.o
                0x0000000008001b62                HAL_Init
 *fill*         0x0000000008001b92        0x2 
 .text.HAL_InitTick
                0x0000000008001b94       0x78 ./Drivers/STM32L4xx_HAL_Driver/stm32l4xx_hal.o
                0x0000000008001b94                HAL_InitTick
 .text.HAL_IncTick
                0x0000000008001c0c       0x28 ./Drivers/STM32L4xx_HAL_Driver/stm32l4xx_hal.o
                0x0000000008001c0c                HAL_IncTick
 .text.HAL_GetTick
                0x0000000008001c34       0x18 ./Drivers/STM32L4xx_HAL_Driver/stm32l4xx_hal.o
                0x0000000008001c34                HAL_GetTick
 .text.__NVIC_SetPriorityGrouping
                0x0000000008001c4c       0x48 ./Drivers/STM32L4xx_HAL_Driver/stm32l4xx_hal_cortex.o
 .text.__NVIC_GetPriorityGrouping
                0x0000000008001c94       0x1c ./Drivers/STM32L4xx_HAL_Driver/stm32l4xx_hal_cortex.o
 .text.__NVIC_SetPriority
                0x0000000008001cb0       0x54 ./Drivers/STM32L4xx_HAL_Driver/stm32l4xx_hal_cortex.o
 .text.NVIC_EncodePriority
                0x0000000008001d04       0x66 ./Drivers/STM32L4xx_HAL_Driver/stm32l4xx_hal_cortex.o
 *fill*         0x0000000008001d6a        0x2 
 .text.SysTick_Config
                0x0000000008001d6c       0x44 ./Drivers/STM32L4xx_HAL_Driver/stm32l4xx_hal_cortex.o
 .text.HAL_NVIC_SetPriorityGrouping
                0x0000000008001db0       0x16 ./Drivers/STM32L4xx_HAL_Driver/stm32l4xx_hal_cortex.o
                0x0000000008001db0                HAL_NVIC_SetPriorityGrouping
 .text.HAL_NVIC_SetPriority
                0x0000000008001dc6       0x38 ./Drivers/STM32L4xx_HAL_Driver/stm32l4xx_hal_cortex.o
                0x0000000008001dc6                HAL_NVIC_SetPriority
 .text.HAL_SYSTICK_Config
                0x0000000008001dfe       0x18 ./Drivers/STM32L4xx_HAL_Driver/stm32l4xx_hal_cortex.o
                0x0000000008001dfe                HAL_SYSTICK_Config
 *fill*         0x0000000008001e16        0x2 
 .text.HAL_PWREx_GetVoltageRange
                0x0000000008001e18       0x1c ./Drivers/STM32L4xx_HAL_Driver/stm32l4xx_hal_pwr_ex.o
                0x0000000008001e18                HAL_PWREx_GetVoltageRange
 .text.HAL_PWREx_ControlVoltageScaling
                0x0000000008001e34       0xac ./Drivers/STM32L4xx_HAL_Driver/stm32l4xx_hal_pwr_ex.o
                0x0000000008001e34                HAL_PWREx_ControlVoltageScaling
 .text.HAL_RCC_OscConfig
                0x0000000008001ee0      0x7b8 ./Drivers/STM32L4xx_HAL_Driver/stm32l4xx_hal_rcc.o
                0x0000000008001ee0                HAL_RCC_OscConfig
 .text.HAL_RCC_ClockConfig
                0x0000000008002698      0x200 ./Drivers/STM32L4xx_HAL_Driver/stm32l4xx_hal_rcc.o
                0x0000000008002698                HAL_RCC_ClockConfig
 .text.HAL_RCC_GetSysClockFreq
                0x0000000008002898      0x118 ./Drivers/STM32L4xx_HAL_Driver/stm32l4xx_hal_rcc.o
                0x0000000008002898                HAL_RCC_GetSysClockFreq
 .text.RCC_SetFlashLatencyFromMSIRange
                0x00000000080029b0       0xc0 ./Drivers/STM32L4xx_HAL_Driver/stm32l4xx_hal_rcc.o
 .text.__libc_init_array
                0x0000000008002a70       0x48 c:/st/stm32cubeide_1.12.0/stm32cubeide/plugins/com.st.stm32cube.ide.mcu.externaltools.gnu-tools-for-stm32.10.3-2021.10.win32_1.0.200.202301161003/tools/bin/../lib/gcc/arm-none-eabi/10.3.1/../../../../arm-none-eabi/lib/thumb/v7e-m+fp/hard\libc_nano.a(lib_a-init.o)
                0x0000000008002a70                __libc_init_array
 .text.memset   0x0000000008002ab8       0x10 c:/st/stm32cubeide_1.12.0/stm32cubeide/plugins/com.st.stm32cube.ide.mcu.externaltools.gnu-tools-for-stm32.10.3-2021.10.win32_1.0.200.202301161003/tools/bin/../lib/gcc/arm-none-eabi/10.3.1/../../../../arm-none-eabi/lib/thumb/v7e-m+fp/hard\libc_nano.a(lib_a-memset.o)
                0x0000000008002ab8                memset
 *(.glue_7)
 .glue_7        0x0000000008002ac8        0x0 linker stubs
 *(.glue_7t)
 .glue_7t       0x0000000008002ac8        0x0 linker stubs
 *(.eh_frame)
 .eh_frame      0x0000000008002ac8        0x0 c:/st/stm32cubeide_1.12.0/stm32cubeide/plugins/com.st.stm32cube.ide.mcu.externaltools.gnu-tools-for-stm32.10.3-2021.10.win32_1.0.200.202301161003/tools/bin/../lib/gcc/arm-none-eabi/10.3.1/thumb/v7e-m+fp/hard/crtbegin.o
 *(.init)
 .init          0x0000000008002ac8        0x4 c:/st/stm32cubeide_1.12.0/stm32cubeide/plugins/com.st.stm32cube.ide.mcu.externaltools.gnu-tools-for-stm32.10.3-2021.10.win32_1.0.200.202301161003/tools/bin/../lib/gcc/arm-none-eabi/10.3.1/thumb/v7e-m+fp/hard/crti.o
                0x0000000008002ac8                _init
 .init          0x0000000008002acc        0x8 c:/st/stm32cubeide_1.12.0/stm32cubeide/plugins/com.st.stm32cube.ide.mcu.externaltools.gnu-tools-for-stm32.10.3-2021.10.win32_1.0.200.202301161003/tools/bin/../lib/gcc/arm-none-eabi/10.3.1/thumb/v7e-m+fp/hard/crtn.o
 *(.fini)
 .fini          0x0000000008002ad4        0x4 c:/st/stm32cubeide_1.12.0/stm32cubeide/plugins/com.st.stm32cube.ide.mcu.externaltools.gnu-tools-for-stm32.10.3-2021.10.win32_1.0.200.202301161003/tools/bin/../lib/gcc/arm-none-eabi/10.3.1/thumb/v7e-m+fp/hard/crti.o
                0x0000000008002ad4                _fini
 .fini          0x0000000008002ad8        0x8 c:/st/stm32cubeide_1.12.0/stm32cubeide/plugins/com.st.stm32cube.ide.mcu.externaltools.gnu-tools-for-stm32.10.3-2021.10.win32_1.0.200.202301161003/tools/bin/../lib/gcc/arm-none-eabi/10.3.1/thumb/v7e-m+fp/hard/crtn.o
                0x0000000008002ae0                . = ALIGN (0x4)
                0x0000000008002ae0                _etext = .

.vfp11_veneer   0x0000000008002ae0        0x0
 .vfp11_veneer  0x0000000008002ae0        0x0 linker stubs

.v4_bx          0x0000000008002ae0        0x0
 .v4_bx         0x0000000008002ae0        0x0 linker stubs

.iplt           0x0000000008002ae0        0x0
 .iplt          0x0000000008002ae0        0x0 c:/st/stm32cubeide_1.12.0/stm32cubeide/plugins/com.st.stm32cube.ide.mcu.externaltools.gnu-tools-for-stm32.10.3-2021.10.win32_1.0.200.202301161003/tools/bin/../lib/gcc/arm-none-eabi/10.3.1/thumb/v7e-m+fp/hard/crtbegin.o

.rodata         0x0000000008002ae0      0x1c4
                0x0000000008002ae0                . = ALIGN (0x4)
 *(.rodata)
 .rodata        0x0000000008002ae0        0xa ./Core/Src/DMM.o
 *fill*         0x0000000008002aea        0x2 
 .rodata        0x0000000008002aec      0x177 ./Core/Src/main.o
 *(.rodata*)
 *fill*         0x0000000008002c63        0x1 
 .rodata.AHBPrescTable
                0x0000000008002c64       0x10 ./Core/Src/system_stm32l4xx.o
                0x0000000008002c64                AHBPrescTable
 .rodata.MSIRangeTable
                0x0000000008002c74       0x30 ./Core/Src/system_stm32l4xx.o
                0x0000000008002c74                MSIRangeTable
                0x0000000008002ca4                . = ALIGN (0x4)

.rel.dyn        0x0000000008002ca4        0x0
 .rel.iplt      0x0000000008002ca4        0x0 c:/st/stm32cubeide_1.12.0/stm32cubeide/plugins/com.st.stm32cube.ide.mcu.externaltools.gnu-tools-for-stm32.10.3-2021.10.win32_1.0.200.202301161003/tools/bin/../lib/gcc/arm-none-eabi/10.3.1/thumb/v7e-m+fp/hard/crtbegin.o

.ARM.extab      0x0000000008002ca4        0x0
                0x0000000008002ca4                . = ALIGN (0x4)
 *(.ARM.extab* .gnu.linkonce.armextab.*)
                0x0000000008002ca4                . = ALIGN (0x4)

.ARM            0x0000000008002ca4        0x0
                0x0000000008002ca4                . = ALIGN (0x4)
                0x0000000008002ca4                __exidx_start = .
 *(.ARM.exidx*)
                0x0000000008002ca4                __exidx_end = .
                0x0000000008002ca4                . = ALIGN (0x4)

.preinit_array  0x0000000008002ca4        0x0
                0x0000000008002ca4                . = ALIGN (0x4)
                0x0000000008002ca4                PROVIDE (__preinit_array_start = .)
 *(.preinit_array*)
                0x0000000008002ca4                PROVIDE (__preinit_array_end = .)
                0x0000000008002ca4                . = ALIGN (0x4)

.init_array     0x0000000008002ca4        0x4
                0x0000000008002ca4                . = ALIGN (0x4)
                0x0000000008002ca4                PROVIDE (__init_array_start = .)
 *(SORT_BY_NAME(.init_array.*))
 *(.init_array*)
 .init_array    0x0000000008002ca4        0x4 c:/st/stm32cubeide_1.12.0/stm32cubeide/plugins/com.st.stm32cube.ide.mcu.externaltools.gnu-tools-for-stm32.10.3-2021.10.win32_1.0.200.202301161003/tools/bin/../lib/gcc/arm-none-eabi/10.3.1/thumb/v7e-m+fp/hard/crtbegin.o
                0x0000000008002ca8                PROVIDE (__init_array_end = .)
                0x0000000008002ca8                . = ALIGN (0x4)

.fini_array     0x0000000008002ca8        0x4
                0x0000000008002ca8                . = ALIGN (0x4)
                [!provide]                        PROVIDE (__fini_array_start = .)
 *(SORT_BY_NAME(.fini_array.*))
 *(.fini_array*)
 .fini_array    0x0000000008002ca8        0x4 c:/st/stm32cubeide_1.12.0/stm32cubeide/plugins/com.st.stm32cube.ide.mcu.externaltools.gnu-tools-for-stm32.10.3-2021.10.win32_1.0.200.202301161003/tools/bin/../lib/gcc/arm-none-eabi/10.3.1/thumb/v7e-m+fp/hard/crtbegin.o
                [!provide]                        PROVIDE (__fini_array_end = .)
                0x0000000008002cac                . = ALIGN (0x4)
                0x0000000008002cac                _sidata = LOADADDR (.data)

.data           0x0000000020000000       0x10 load address 0x0000000008002cac
                0x0000000020000000                . = ALIGN (0x4)
                0x0000000020000000                _sdata = .
 *(.data)
 *(.data*)
 .data.CLOCKSPEED
                0x0000000020000000        0x4 ./Core/Src/main.o
                0x0000000020000000                CLOCKSPEED
 .data.SystemCoreClock
                0x0000000020000004        0x4 ./Core/Src/system_stm32l4xx.o
                0x0000000020000004                SystemCoreClock
 .data.uwTickPrio
                0x0000000020000008        0x4 ./Drivers/STM32L4xx_HAL_Driver/stm32l4xx_hal.o
                0x0000000020000008                uwTickPrio
 .data.uwTickFreq
                0x000000002000000c        0x1 ./Drivers/STM32L4xx_HAL_Driver/stm32l4xx_hal.o
                0x000000002000000c                uwTickFreq
 *(.RamFunc)
 *(.RamFunc*)
                0x0000000020000010                . = ALIGN (0x4)
 *fill*         0x000000002000000d        0x3 
                0x0000000020000010                _edata = .

.igot.plt       0x0000000020000010        0x0 load address 0x0000000008002cbc
 .igot.plt      0x0000000020000010        0x0 c:/st/stm32cubeide_1.12.0/stm32cubeide/plugins/com.st.stm32cube.ide.mcu.externaltools.gnu-tools-for-stm32.10.3-2021.10.win32_1.0.200.202301161003/tools/bin/../lib/gcc/arm-none-eabi/10.3.1/thumb/v7e-m+fp/hard/crtbegin.o
                0x0000000020000010                . = ALIGN (0x4)

.bss            0x0000000020000010    0x12dc8 load address 0x0000000008002cbc
                0x0000000020000010                _sbss = .
                0x0000000020000010                __bss_start__ = _sbss
 *(.bss)
 .bss           0x0000000020000010       0x1c c:/st/stm32cubeide_1.12.0/stm32cubeide/plugins/com.st.stm32cube.ide.mcu.externaltools.gnu-tools-for-stm32.10.3-2021.10.win32_1.0.200.202301161003/tools/bin/../lib/gcc/arm-none-eabi/10.3.1/thumb/v7e-m+fp/hard/crtbegin.o
 *(.bss*)
 .bss.eoc_flag  0x000000002000002c        0x2 ./Core/Src/main.o
                0x000000002000002c                eoc_flag
 .bss.adc_val   0x000000002000002e        0x2 ./Core/Src/main.o
                0x000000002000002e                adc_val
 .bss.count     0x0000000020000030        0x2 ./Core/Src/main.o
                0x0000000020000030                count
 *fill*         0x0000000020000032        0x2 
 .bss.dc_conv_arr
                0x0000000020000034      0xe5c ./Core/Src/main.o
                0x0000000020000034                dc_conv_arr
 .bss.ac_conv_arr
                0x0000000020000e90    0x11f38 ./Core/Src/main.o
                0x0000000020000e90                ac_conv_arr
 .bss.timerflag
                0x0000000020012dc8        0x4 ./Core/Src/main.o
                0x0000000020012dc8                timerflag
 .bss.time      0x0000000020012dcc        0x4 ./Core/Src/main.o
                0x0000000020012dcc                time
 .bss.prev_t    0x0000000020012dd0        0x4 ./Core/Src/main.o
                0x0000000020012dd0                prev_t
 .bss.uwTick    0x0000000020012dd4        0x4 ./Drivers/STM32L4xx_HAL_Driver/stm32l4xx_hal.o
                0x0000000020012dd4                uwTick
 *(COMMON)
                0x0000000020012dd8                . = ALIGN (0x4)
                0x0000000020012dd8                _ebss = .
                0x0000000020012dd8                __bss_end__ = _ebss

._user_heap_stack
                0x0000000020012dd8      0x600 load address 0x0000000008002cbc
                0x0000000020012dd8                . = ALIGN (0x8)
                [!provide]                        PROVIDE (end = .)
                0x0000000020012dd8                PROVIDE (_end = .)
                0x0000000020012fd8                . = (. + _Min_Heap_Size)
 *fill*         0x0000000020012dd8      0x200 
                0x00000000200133d8                . = (. + _Min_Stack_Size)
 *fill*         0x0000000020012fd8      0x400 
                0x00000000200133d8                . = ALIGN (0x8)

/DISCARD/
 libc.a(*)
 libm.a(*)
 libgcc.a(*)

.ARM.attributes
                0x0000000000000000       0x30
 *(.ARM.attributes)
 .ARM.attributes
                0x0000000000000000       0x1e c:/st/stm32cubeide_1.12.0/stm32cubeide/plugins/com.st.stm32cube.ide.mcu.externaltools.gnu-tools-for-stm32.10.3-2021.10.win32_1.0.200.202301161003/tools/bin/../lib/gcc/arm-none-eabi/10.3.1/thumb/v7e-m+fp/hard/crti.o
 .ARM.attributes
                0x000000000000001e       0x34 c:/st/stm32cubeide_1.12.0/stm32cubeide/plugins/com.st.stm32cube.ide.mcu.externaltools.gnu-tools-for-stm32.10.3-2021.10.win32_1.0.200.202301161003/tools/bin/../lib/gcc/arm-none-eabi/10.3.1/thumb/v7e-m+fp/hard/crtbegin.o
 .ARM.attributes
                0x0000000000000052       0x34 ./Core/Src/ADC.o
 .ARM.attributes
                0x0000000000000086       0x34 ./Core/Src/DMM.o
 .ARM.attributes
                0x00000000000000ba       0x34 ./Core/Src/UART.o
 .ARM.attributes
                0x00000000000000ee       0x34 ./Core/Src/main.o
 .ARM.attributes
                0x0000000000000122       0x34 ./Core/Src/stm32l4xx_hal_msp.o
 .ARM.attributes
                0x0000000000000156       0x34 ./Core/Src/stm32l4xx_it.o
 .ARM.attributes
                0x000000000000018a       0x34 ./Core/Src/system_stm32l4xx.o
 .ARM.attributes
                0x00000000000001be       0x21 ./Core/Startup/startup_stm32l476rgtx.o
 .ARM.attributes
                0x00000000000001df       0x34 ./Drivers/STM32L4xx_HAL_Driver/stm32l4xx_hal.o
 .ARM.attributes
                0x0000000000000213       0x34 ./Drivers/STM32L4xx_HAL_Driver/stm32l4xx_hal_cortex.o
 .ARM.attributes
                0x0000000000000247       0x34 ./Drivers/STM32L4xx_HAL_Driver/stm32l4xx_hal_pwr_ex.o
 .ARM.attributes
                0x000000000000027b       0x34 ./Drivers/STM32L4xx_HAL_Driver/stm32l4xx_hal_rcc.o
 .ARM.attributes
                0x00000000000002af       0x34 c:/st/stm32cubeide_1.12.0/stm32cubeide/plugins/com.st.stm32cube.ide.mcu.externaltools.gnu-tools-for-stm32.10.3-2021.10.win32_1.0.200.202301161003/tools/bin/../lib/gcc/arm-none-eabi/10.3.1/../../../../arm-none-eabi/lib/thumb/v7e-m+fp/hard\libc_nano.a(lib_a-init.o)
 .ARM.attributes
                0x00000000000002e3       0x34 c:/st/stm32cubeide_1.12.0/stm32cubeide/plugins/com.st.stm32cube.ide.mcu.externaltools.gnu-tools-for-stm32.10.3-2021.10.win32_1.0.200.202301161003/tools/bin/../lib/gcc/arm-none-eabi/10.3.1/../../../../arm-none-eabi/lib/thumb/v7e-m+fp/hard\libc_nano.a(lib_a-memset.o)
 .ARM.attributes
                0x0000000000000317       0x17 c:/st/stm32cubeide_1.12.0/stm32cubeide/plugins/com.st.stm32cube.ide.mcu.externaltools.gnu-tools-for-stm32.10.3-2021.10.win32_1.0.200.202301161003/tools/bin/../lib/gcc/arm-none-eabi/10.3.1/../../../../arm-none-eabi/lib/thumb/v7e-m+fp/hard\libc_nano.a(lib_a-strlen.o)
 .ARM.attributes
                0x000000000000032e       0x1e c:/st/stm32cubeide_1.12.0/stm32cubeide/plugins/com.st.stm32cube.ide.mcu.externaltools.gnu-tools-for-stm32.10.3-2021.10.win32_1.0.200.202301161003/tools/bin/../lib/gcc/arm-none-eabi/10.3.1/thumb/v7e-m+fp/hard\libgcc.a(_arm_addsubdf3.o)
 .ARM.attributes
                0x000000000000034c       0x1e c:/st/stm32cubeide_1.12.0/stm32cubeide/plugins/com.st.stm32cube.ide.mcu.externaltools.gnu-tools-for-stm32.10.3-2021.10.win32_1.0.200.202301161003/tools/bin/../lib/gcc/arm-none-eabi/10.3.1/thumb/v7e-m+fp/hard\libgcc.a(_arm_muldivdf3.o)
 .ARM.attributes
                0x000000000000036a       0x1e c:/st/stm32cubeide_1.12.0/stm32cubeide/plugins/com.st.stm32cube.ide.mcu.externaltools.gnu-tools-for-stm32.10.3-2021.10.win32_1.0.200.202301161003/tools/bin/../lib/gcc/arm-none-eabi/10.3.1/thumb/v7e-m+fp/hard\libgcc.a(_arm_truncdfsf2.o)
 .ARM.attributes
                0x0000000000000388       0x1e c:/st/stm32cubeide_1.12.0/stm32cubeide/plugins/com.st.stm32cube.ide.mcu.externaltools.gnu-tools-for-stm32.10.3-2021.10.win32_1.0.200.202301161003/tools/bin/../lib/gcc/arm-none-eabi/10.3.1/thumb/v7e-m+fp/hard/crtn.o
OUTPUT(P2_DMM.elf elf32-littlearm)
LOAD linker stubs
LOAD c:/st/stm32cubeide_1.12.0/stm32cubeide/plugins/com.st.stm32cube.ide.mcu.externaltools.gnu-tools-for-stm32.10.3-2021.10.win32_1.0.200.202301161003/tools/bin/../lib/gcc/arm-none-eabi/10.3.1/../../../../arm-none-eabi/lib/thumb/v7e-m+fp/hard\libc.a
LOAD c:/st/stm32cubeide_1.12.0/stm32cubeide/plugins/com.st.stm32cube.ide.mcu.externaltools.gnu-tools-for-stm32.10.3-2021.10.win32_1.0.200.202301161003/tools/bin/../lib/gcc/arm-none-eabi/10.3.1/../../../../arm-none-eabi/lib/thumb/v7e-m+fp/hard\libm.a
LOAD c:/st/stm32cubeide_1.12.0/stm32cubeide/plugins/com.st.stm32cube.ide.mcu.externaltools.gnu-tools-for-stm32.10.3-2021.10.win32_1.0.200.202301161003/tools/bin/../lib/gcc/arm-none-eabi/10.3.1/thumb/v7e-m+fp/hard\libgcc.a

.debug_info     0x0000000000000000     0x6990
 .debug_info    0x0000000000000000      0xc60 ./Core/Src/ADC.o
 .debug_info    0x0000000000000c60      0x9df ./Core/Src/DMM.o
 .debug_info    0x000000000000163f      0x939 ./Core/Src/UART.o
 .debug_info    0x0000000000001f78      0xfd3 ./Core/Src/main.o
 .debug_info    0x0000000000002f4b      0x308 ./Core/Src/stm32l4xx_hal_msp.o
 .debug_info    0x0000000000003253      0x122 ./Core/Src/stm32l4xx_it.o
 .debug_info    0x0000000000003375      0x5c6 ./Core/Src/system_stm32l4xx.o
 .debug_info    0x000000000000393b       0x22 ./Core/Startup/startup_stm32l476rgtx.o
 .debug_info    0x000000000000395d      0xb35 ./Drivers/STM32L4xx_HAL_Driver/stm32l4xx_hal.o
 .debug_info    0x0000000000004492      0xe21 ./Drivers/STM32L4xx_HAL_Driver/stm32l4xx_hal_cortex.o
 .debug_info    0x00000000000052b3      0x9f0 ./Drivers/STM32L4xx_HAL_Driver/stm32l4xx_hal_pwr_ex.o
 .debug_info    0x0000000000005ca3      0xced ./Drivers/STM32L4xx_HAL_Driver/stm32l4xx_hal_rcc.o

.debug_abbrev   0x0000000000000000     0x14c5
 .debug_abbrev  0x0000000000000000      0x21e ./Core/Src/ADC.o
 .debug_abbrev  0x000000000000021e      0x1ad ./Core/Src/DMM.o
 .debug_abbrev  0x00000000000003cb      0x1b8 ./Core/Src/UART.o
 .debug_abbrev  0x0000000000000583      0x2e4 ./Core/Src/main.o
 .debug_abbrev  0x0000000000000867       0xc2 ./Core/Src/stm32l4xx_hal_msp.o
 .debug_abbrev  0x0000000000000929       0x74 ./Core/Src/stm32l4xx_it.o
 .debug_abbrev  0x000000000000099d      0x116 ./Core/Src/system_stm32l4xx.o
 .debug_abbrev  0x0000000000000ab3       0x12 ./Core/Startup/startup_stm32l476rgtx.o
 .debug_abbrev  0x0000000000000ac5      0x23a ./Drivers/STM32L4xx_HAL_Driver/stm32l4xx_hal.o
 .debug_abbrev  0x0000000000000cff      0x316 ./Drivers/STM32L4xx_HAL_Driver/stm32l4xx_hal_cortex.o
 .debug_abbrev  0x0000000000001015      0x1f3 ./Drivers/STM32L4xx_HAL_Driver/stm32l4xx_hal_pwr_ex.o
 .debug_abbrev  0x0000000000001208      0x2bd ./Drivers/STM32L4xx_HAL_Driver/stm32l4xx_hal_rcc.o

.debug_aranges  0x0000000000000000      0x640
 .debug_aranges
                0x0000000000000000       0x58 ./Core/Src/ADC.o
 .debug_aranges
                0x0000000000000058       0x30 ./Core/Src/DMM.o
 .debug_aranges
                0x0000000000000088       0x38 ./Core/Src/UART.o
 .debug_aranges
                0x00000000000000c0       0x78 ./Core/Src/main.o
 .debug_aranges
                0x0000000000000138       0x20 ./Core/Src/stm32l4xx_hal_msp.o
 .debug_aranges
                0x0000000000000158       0x60 ./Core/Src/stm32l4xx_it.o
 .debug_aranges
                0x00000000000001b8       0x28 ./Core/Src/system_stm32l4xx.o
 .debug_aranges
                0x00000000000001e0       0x28 ./Core/Startup/startup_stm32l476rgtx.o
 .debug_aranges
                0x0000000000000208      0x130 ./Drivers/STM32L4xx_HAL_Driver/stm32l4xx_hal.o
 .debug_aranges
                0x0000000000000338      0x118 ./Drivers/STM32L4xx_HAL_Driver/stm32l4xx_hal_cortex.o
 .debug_aranges
                0x0000000000000450      0x160 ./Drivers/STM32L4xx_HAL_Driver/stm32l4xx_hal_pwr_ex.o
 .debug_aranges
                0x00000000000005b0       0x90 ./Drivers/STM32L4xx_HAL_Driver/stm32l4xx_hal_rcc.o

.debug_ranges   0x0000000000000000      0x588
 .debug_ranges  0x0000000000000000       0x48 ./Core/Src/ADC.o
 .debug_ranges  0x0000000000000048       0x20 ./Core/Src/DMM.o
 .debug_ranges  0x0000000000000068       0x28 ./Core/Src/UART.o
 .debug_ranges  0x0000000000000090       0x68 ./Core/Src/main.o
 .debug_ranges  0x00000000000000f8       0x10 ./Core/Src/stm32l4xx_hal_msp.o
 .debug_ranges  0x0000000000000108       0x50 ./Core/Src/stm32l4xx_it.o
 .debug_ranges  0x0000000000000158       0x18 ./Core/Src/system_stm32l4xx.o
 .debug_ranges  0x0000000000000170       0x20 ./Core/Startup/startup_stm32l476rgtx.o
 .debug_ranges  0x0000000000000190      0x120 ./Drivers/STM32L4xx_HAL_Driver/stm32l4xx_hal.o
 .debug_ranges  0x00000000000002b0      0x108 ./Drivers/STM32L4xx_HAL_Driver/stm32l4xx_hal_cortex.o
 .debug_ranges  0x00000000000003b8      0x150 ./Drivers/STM32L4xx_HAL_Driver/stm32l4xx_hal_pwr_ex.o
 .debug_ranges  0x0000000000000508       0x80 ./Drivers/STM32L4xx_HAL_Driver/stm32l4xx_hal_rcc.o

.debug_macro    0x0000000000000000    0x256eb
 .debug_macro   0x0000000000000000      0x278 ./Core/Src/ADC.o
 .debug_macro   0x0000000000000278      0xa78 ./Core/Src/ADC.o
 .debug_macro   0x0000000000000cf0      0x19b ./Core/Src/ADC.o
 .debug_macro   0x0000000000000e8b       0x2e ./Core/Src/ADC.o
 .debug_macro   0x0000000000000eb9       0x28 ./Core/Src/ADC.o
 .debug_macro   0x0000000000000ee1       0x22 ./Core/Src/ADC.o
 .debug_macro   0x0000000000000f03       0x8e ./Core/Src/ADC.o
 .debug_macro   0x0000000000000f91       0x51 ./Core/Src/ADC.o
 .debug_macro   0x0000000000000fe2      0x103 ./Core/Src/ADC.o
 .debug_macro   0x00000000000010e5       0x6a ./Core/Src/ADC.o
 .debug_macro   0x000000000000114f      0x1df ./Core/Src/ADC.o
 .debug_macro   0x000000000000132e       0x1c ./Core/Src/ADC.o
 .debug_macro   0x000000000000134a       0x22 ./Core/Src/ADC.o
 .debug_macro   0x000000000000136c       0xfb ./Core/Src/ADC.o
 .debug_macro   0x0000000000001467     0x1011 ./Core/Src/ADC.o
 .debug_macro   0x0000000000002478      0x11f ./Core/Src/ADC.o
 .debug_macro   0x0000000000002597    0x1a17a ./Core/Src/ADC.o
 .debug_macro   0x000000000001c711       0x6d ./Core/Src/ADC.o
 .debug_macro   0x000000000001c77e     0x38e6 ./Core/Src/ADC.o
 .debug_macro   0x0000000000020064      0x174 ./Core/Src/ADC.o
 .debug_macro   0x00000000000201d8       0x5c ./Core/Src/ADC.o
 .debug_macro   0x0000000000020234     0x159e ./Core/Src/ADC.o
 .debug_macro   0x00000000000217d2      0x5a5 ./Core/Src/ADC.o
 .debug_macro   0x0000000000021d77      0x1b9 ./Core/Src/ADC.o
 .debug_macro   0x0000000000021f30      0x18b ./Core/Src/ADC.o
 .debug_macro   0x00000000000220bb      0x26b ./Core/Src/ADC.o
 .debug_macro   0x0000000000022326      0x23d ./Core/Src/ADC.o
 .debug_macro   0x0000000000022563      0x241 ./Core/Src/ADC.o
 .debug_macro   0x00000000000227a4      0x37c ./Core/Src/ADC.o
 .debug_macro   0x0000000000022b20       0xd6 ./Core/Src/ADC.o
 .debug_macro   0x0000000000022bf6      0x122 ./Core/Src/ADC.o
 .debug_macro   0x0000000000022d18      0x3ef ./Core/Src/ADC.o
 .debug_macro   0x0000000000023107      0x330 ./Core/Src/ADC.o
 .debug_macro   0x0000000000023437       0x10 ./Core/Src/ADC.o
 .debug_macro   0x0000000000023447       0x52 ./Core/Src/ADC.o
 .debug_macro   0x0000000000023499       0x1e ./Core/Src/ADC.o
 .debug_macro   0x00000000000234b7       0x3c ./Core/Src/ADC.o
 .debug_macro   0x00000000000234f3       0x34 ./Core/Src/ADC.o
 .debug_macro   0x0000000000023527       0x16 ./Core/Src/ADC.o
 .debug_macro   0x000000000002353d       0x43 ./Core/Src/ADC.o
 .debug_macro   0x0000000000023580       0x34 ./Core/Src/ADC.o
 .debug_macro   0x00000000000235b4       0x10 ./Core/Src/ADC.o
 .debug_macro   0x00000000000235c4       0x58 ./Core/Src/ADC.o
 .debug_macro   0x000000000002361c       0x71 ./Core/Src/ADC.o
 .debug_macro   0x000000000002368d       0x1c ./Core/Src/ADC.o
 .debug_macro   0x00000000000236a9      0x12a ./Core/Src/ADC.o
 .debug_macro   0x00000000000237d3      0x341 ./Core/Src/ADC.o
 .debug_macro   0x0000000000023b14      0x19b ./Core/Src/ADC.o
 .debug_macro   0x0000000000023caf      0x28a ./Core/Src/DMM.o
 .debug_macro   0x0000000000023f39       0x10 ./Core/Src/DMM.o
 .debug_macro   0x0000000000023f49       0x35 ./Core/Src/DMM.o
 .debug_macro   0x0000000000023f7e       0x20 ./Core/Src/DMM.o
 .debug_macro   0x0000000000023f9e      0x28c ./Core/Src/UART.o
 .debug_macro   0x000000000002422a       0x4c ./Core/Src/UART.o
 .debug_macro   0x0000000000024276       0x94 ./Core/Src/UART.o
 .debug_macro   0x000000000002430a       0x57 ./Core/Src/UART.o
 .debug_macro   0x0000000000024361       0x56 ./Core/Src/UART.o
 .debug_macro   0x00000000000243b7      0x383 ./Core/Src/main.o
 .debug_macro   0x000000000002473a       0x1c ./Core/Src/main.o
 .debug_macro   0x0000000000024756       0x10 ./Core/Src/main.o
 .debug_macro   0x0000000000024766       0x10 ./Core/Src/main.o
 .debug_macro   0x0000000000024776       0x1c ./Core/Src/main.o
 .debug_macro   0x0000000000024792       0x52 ./Core/Src/main.o
 .debug_macro   0x00000000000247e4       0x22 ./Core/Src/main.o
 .debug_macro   0x0000000000024806       0x10 ./Core/Src/main.o
 .debug_macro   0x0000000000024816       0x52 ./Core/Src/main.o
 .debug_macro   0x0000000000024868       0xd5 ./Core/Src/main.o
 .debug_macro   0x000000000002493d       0x1c ./Core/Src/main.o
 .debug_macro   0x0000000000024959       0x3d ./Core/Src/main.o
 .debug_macro   0x0000000000024996       0x16 ./Core/Src/main.o
 .debug_macro   0x00000000000249ac      0x145 ./Core/Src/main.o
 .debug_macro   0x0000000000024af1      0x1a2 ./Core/Src/stm32l4xx_hal_msp.o
 .debug_macro   0x0000000000024c93      0x1ac ./Core/Src/stm32l4xx_it.o
 .debug_macro   0x0000000000024e3f      0x198 ./Core/Src/system_stm32l4xx.o
 .debug_macro   0x0000000000024fd7      0x1e6 ./Drivers/STM32L4xx_HAL_Driver/stm32l4xx_hal.o
 .debug_macro   0x00000000000251bd      0x198 ./Drivers/STM32L4xx_HAL_Driver/stm32l4xx_hal_cortex.o
 .debug_macro   0x0000000000025355      0x1bc ./Drivers/STM32L4xx_HAL_Driver/stm32l4xx_hal_pwr_ex.o
 .debug_macro   0x0000000000025511      0x1da ./Drivers/STM32L4xx_HAL_Driver/stm32l4xx_hal_rcc.o

.debug_line     0x0000000000000000     0x7898
 .debug_line    0x0000000000000000      0xb48 ./Core/Src/ADC.o
 .debug_line    0x0000000000000b48      0x9a2 ./Core/Src/DMM.o
 .debug_line    0x00000000000014ea      0x999 ./Core/Src/UART.o
 .debug_line    0x0000000000001e83      0xc99 ./Core/Src/main.o
 .debug_line    0x0000000000002b1c      0x744 ./Core/Src/stm32l4xx_hal_msp.o
 .debug_line    0x0000000000003260      0x807 ./Core/Src/stm32l4xx_it.o
 .debug_line    0x0000000000003a67      0x7dc ./Core/Src/system_stm32l4xx.o
 .debug_line    0x0000000000004243       0x88 ./Core/Startup/startup_stm32l476rgtx.o
 .debug_line    0x00000000000042cb      0xb6d ./Drivers/STM32L4xx_HAL_Driver/stm32l4xx_hal.o
 .debug_line    0x0000000000004e38      0xd14 ./Drivers/STM32L4xx_HAL_Driver/stm32l4xx_hal_cortex.o
 .debug_line    0x0000000000005b4c      0xd65 ./Drivers/STM32L4xx_HAL_Driver/stm32l4xx_hal_pwr_ex.o
 .debug_line    0x00000000000068b1      0xfe7 ./Drivers/STM32L4xx_HAL_Driver/stm32l4xx_hal_rcc.o

.debug_str      0x0000000000000000    0xe28a5
 .debug_str     0x0000000000000000    0xdfe0e ./Core/Src/ADC.o
                                      0xe0194 (size before relaxing)
 .debug_str     0x00000000000dfe0e      0x10e ./Core/Src/DMM.o
                                      0xdf902 (size before relaxing)
 .debug_str     0x00000000000dff1c       0x99 ./Core/Src/UART.o
                                      0xdf8fb (size before relaxing)
 .debug_str     0x00000000000dffb5     0x133c ./Core/Src/main.o
                                      0xe1489 (size before relaxing)
 .debug_str     0x00000000000e12f1       0x33 ./Core/Src/stm32l4xx_hal_msp.o
                                      0xdc4d1 (size before relaxing)
 .debug_str     0x00000000000e1324       0xc9 ./Core/Src/stm32l4xx_it.o
                                      0xdc40a (size before relaxing)
 .debug_str     0x00000000000e13ed       0xf2 ./Core/Src/system_stm32l4xx.o
                                      0xdc598 (size before relaxing)
 .debug_str     0x00000000000e14df       0x36 ./Core/Startup/startup_stm32l476rgtx.o
                                         0x70 (size before relaxing)
 .debug_str     0x00000000000e1515      0x6a3 ./Drivers/STM32L4xx_HAL_Driver/stm32l4xx_hal.o
                                      0xdd164 (size before relaxing)
 .debug_str     0x00000000000e1bb8      0x361 ./Drivers/STM32L4xx_HAL_Driver/stm32l4xx_hal_cortex.o
                                      0xdce18 (size before relaxing)
 .debug_str     0x00000000000e1f19      0x563 ./Drivers/STM32L4xx_HAL_Driver/stm32l4xx_hal_pwr_ex.o
                                      0xdcb2c (size before relaxing)
 .debug_str     0x00000000000e247c      0x429 ./Drivers/STM32L4xx_HAL_Driver/stm32l4xx_hal_rcc.o
                                      0xdcc17 (size before relaxing)

.comment        0x0000000000000000       0x50
 .comment       0x0000000000000000       0x50 ./Core/Src/ADC.o
                                         0x51 (size before relaxing)
 .comment       0x0000000000000050       0x51 ./Core/Src/DMM.o
 .comment       0x0000000000000050       0x51 ./Core/Src/UART.o
 .comment       0x0000000000000050       0x51 ./Core/Src/main.o
 .comment       0x0000000000000050       0x51 ./Core/Src/stm32l4xx_hal_msp.o
 .comment       0x0000000000000050       0x51 ./Core/Src/stm32l4xx_it.o
 .comment       0x0000000000000050       0x51 ./Core/Src/system_stm32l4xx.o
 .comment       0x0000000000000050       0x51 ./Drivers/STM32L4xx_HAL_Driver/stm32l4xx_hal.o
 .comment       0x0000000000000050       0x51 ./Drivers/STM32L4xx_HAL_Driver/stm32l4xx_hal_cortex.o
 .comment       0x0000000000000050       0x51 ./Drivers/STM32L4xx_HAL_Driver/stm32l4xx_hal_pwr_ex.o
 .comment       0x0000000000000050       0x51 ./Drivers/STM32L4xx_HAL_Driver/stm32l4xx_hal_rcc.o

.debug_frame    0x0000000000000000     0x17d8
 .debug_frame   0x0000000000000000      0x148 ./Core/Src/ADC.o
 .debug_frame   0x0000000000000148       0x78 ./Core/Src/DMM.o
 .debug_frame   0x00000000000001c0       0xa0 ./Core/Src/UART.o
 .debug_frame   0x0000000000000260      0x1a8 ./Core/Src/main.o
 .debug_frame   0x0000000000000408       0x38 ./Core/Src/stm32l4xx_hal_msp.o
 .debug_frame   0x0000000000000440      0x104 ./Core/Src/stm32l4xx_it.o
 .debug_frame   0x0000000000000544       0x58 ./Core/Src/system_stm32l4xx.o
 .debug_frame   0x000000000000059c      0x498 ./Drivers/STM32L4xx_HAL_Driver/stm32l4xx_hal.o
 .debug_frame   0x0000000000000a34      0x498 ./Drivers/STM32L4xx_HAL_Driver/stm32l4xx_hal_cortex.o
 .debug_frame   0x0000000000000ecc      0x584 ./Drivers/STM32L4xx_HAL_Driver/stm32l4xx_hal_pwr_ex.o
 .debug_frame   0x0000000000001450      0x21c ./Drivers/STM32L4xx_HAL_Driver/stm32l4xx_hal_rcc.o
 .debug_frame   0x000000000000166c       0x2c c:/st/stm32cubeide_1.12.0/stm32cubeide/plugins/com.st.stm32cube.ide.mcu.externaltools.gnu-tools-for-stm32.10.3-2021.10.win32_1.0.200.202301161003/tools/bin/../lib/gcc/arm-none-eabi/10.3.1/../../../../arm-none-eabi/lib/thumb/v7e-m+fp/hard\libc_nano.a(lib_a-init.o)
 .debug_frame   0x0000000000001698       0x20 c:/st/stm32cubeide_1.12.0/stm32cubeide/plugins/com.st.stm32cube.ide.mcu.externaltools.gnu-tools-for-stm32.10.3-2021.10.win32_1.0.200.202301161003/tools/bin/../lib/gcc/arm-none-eabi/10.3.1/../../../../arm-none-eabi/lib/thumb/v7e-m+fp/hard\libc_nano.a(lib_a-memset.o)
 .debug_frame   0x00000000000016b8       0xac c:/st/stm32cubeide_1.12.0/stm32cubeide/plugins/com.st.stm32cube.ide.mcu.externaltools.gnu-tools-for-stm32.10.3-2021.10.win32_1.0.200.202301161003/tools/bin/../lib/gcc/arm-none-eabi/10.3.1/thumb/v7e-m+fp/hard\libgcc.a(_arm_addsubdf3.o)
 .debug_frame   0x0000000000001764       0x50 c:/st/stm32cubeide_1.12.0/stm32cubeide/plugins/com.st.stm32cube.ide.mcu.externaltools.gnu-tools-for-stm32.10.3-2021.10.win32_1.0.200.202301161003/tools/bin/../lib/gcc/arm-none-eabi/10.3.1/thumb/v7e-m+fp/hard\libgcc.a(_arm_muldivdf3.o)
 .debug_frame   0x00000000000017b4       0x24 c:/st/stm32cubeide_1.12.0/stm32cubeide/plugins/com.st.stm32cube.ide.mcu.externaltools.gnu-tools-for-stm32.10.3-2021.10.win32_1.0.200.202301161003/tools/bin/../lib/gcc/arm-none-eabi/10.3.1/thumb/v7e-m+fp/hard\libgcc.a(_arm_truncdfsf2.o)
